---
source: tests/gen_integration_tests.rs
description: Generated for shell nu using config file test1.json
expression: got
input_file: tests/resources/gen/in/test1.json
---
export extern "test1" [
  --h(-h) # Show help information
  --verbose(-v) # Verbose output
  --loud # Verbose output
]

export extern "test1 sub1" [
  --foobar # Something something [brackets]
]

export extern "test1 sub1 nested" [
  --command # Run a command or something
  --another-invalid-flag?! # Run a command or something
  --install # Install a thing
]

export extern "test1 sub2" [
  --a # Both options should be picked up even though the short one is weird
  --all # Both options should be picked up even though the short one is weird
  --backupdir(-C) # The short form should be picked up as -C, not -Cdirectory (example from nano)
]
